// Jest Snapshot v1, https://goo.gl/fbAQLP

exports[`ProductPlanFormControl new subscription 1`] = `
<DocumentFragment>
  <div
    class="product-plan-form-control"
  >
    <div
      class="list-group"
    >
      <div
        class="list-group-item p-0"
      >
        <label
          class="p-3 mb-0 d-flex"
          for="product-plan-form-control__plan0"
        >
          <input
            class="mr-2"
            id="product-plan-form-control__plan0"
            name="product-plan-form-control__plan"
            required=""
            type="radio"
            value="p0"
          />
          <div>
            <strong>
              n0
            </strong>
            <div
              class="text-muted"
            >
              $0.1/user/month (paid yearly)
            </div>
          </div>
        </label>
      </div>
      <div
        class="list-group-item p-0"
      >
        <label
          class="p-3 mb-0 d-flex"
          for="product-plan-form-control__plan1"
        >
          <input
            class="mr-2"
            id="product-plan-form-control__plan1"
            name="product-plan-form-control__plan"
            required=""
            type="radio"
            value="p1"
          />
          <div>
            <strong>
              n1
            </strong>
            <div
              class="text-muted"
            >
              $0.38/user/month (paid yearly)
            </div>
          </div>
        </label>
      </div>
    </div>
    <a
      class="small"
      href="https://about.sourcegraph.com/pricing"
    >
      Compare plans
    </a>
  </div>
</DocumentFragment>
`;
