// Jest Snapshot v1, https://goo.gl/fbAQLP

exports[`ExtensionCard renders 1`] = `
<div
  className="card position-relative flex-1 extensionCard"
>
  <div
    className="card-body p-0 extension-card__body d-flex flex-column position-relative"
  >
    <div
      className="d-flex align-items-center backgroundSection blue"
    >
      <img
        alt=""
        className="icon"
        src="data:image/png,abcd"
      />
    </div>
    <div
      className="w-100 flex-grow-1 detailsSection"
    >
      <div
        className="mb-2"
      >
        <h3
          className="mb-0 mr-1 text-truncate flex-1"
        >
          <a
            href="/extensions/x/y"
            onClick={[Function]}
          >
            y
          </a>
        </h3>
        <span>
          by 
          x
        </span>
      </div>
      <div
        className="mt-3 description"
      >
        <span
          className=""
        >
          d
        </span>
      </div>
    </div>
    <div
      className="d-flex flex-column align-items-end mt-1 togglesSection"
    >
      <div
        className="px-1"
      >
        <span
          className="text-muted small"
        >
          Disabled
        </span>
      </div>
      <div
        className="px-1 mt-2"
      >
        <span
          className="text-muted"
        >
          Disabled
           by default for all
        </span>
        <button
          aria-checked={false}
          className="toggle mx-2"
          data-test="extension-toggle-x/y"
          disabled={false}
          onClick={[Function]}
          role="switch"
          title="Click to enable"
          type="button"
          value={0}
        >
          <span
            className="bar"
          />
          <span
            className="knob"
          />
        </button>
      </div>
    </div>
  </div>
</div>
`;
