// Jest Snapshot v1, https://goo.gl/fbAQLP

exports[`CampaignsNavItem renders 1`] = `
<MemoryRouter>
  <Router
    history="[History]"
  >
    <CampaignsNavItem
      className="123"
    >
      <LinkWithIconOnlyTooltip
        activeClassName="active"
        className="nav-link btn btn-link px-1 text-decoration-none 123"
        icon={
          Object {
            "$$typeof": Symbol(react.memo),
            "compare": null,
            "type": [Function],
          }
        }
        text="Campaigns"
        to="/campaigns"
      >
        <NavLink
          activeClassName="active"
          className="nav-link btn btn-link px-1 text-decoration-none 123 d-flex align-items-center"
          to="/campaigns"
        >
          <Link
            aria-current={null}
            className="nav-link btn btn-link px-1 text-decoration-none 123 d-flex align-items-center"
            to={
              Object {
                "hash": "",
                "key": null,
                "pathname": "/campaigns",
                "search": "",
                "state": null,
              }
            }
          >
            <LinkAnchor
              aria-current={null}
              className="nav-link btn btn-link px-1 text-decoration-none 123 d-flex align-items-center"
              href="/campaigns"
              navigate={[Function]}
            >
              <a
                aria-current={null}
                className="nav-link btn btn-link px-1 text-decoration-none 123 d-flex align-items-center"
                href="/campaigns"
                onClick={[Function]}
              >
                <Memo(ImageAutoAdjustIcon)
                  className="icon-inline d-lg-none"
                  data-tooltip="Campaigns"
                />
                <Memo(ImageAutoAdjustIcon)
                  className="icon-inline d-none d-lg-inline-block"
                />
                <span
                  className="d-none d-lg-inline-block ml-1"
                >
                  Campaigns
                </span>
              </a>
            </LinkAnchor>
          </Link>
        </NavLink>
      </LinkWithIconOnlyTooltip>
    </CampaignsNavItem>
  </Router>
</MemoryRouter>
`;
