// Jest Snapshot v1, https://goo.gl/fbAQLP

exports[`FileDiffTab renders the form 1`] = `
<div>
  <h3>
    <SourcePullIcon
      className="icon-inline mr-2"
    />
     
    <a
      className=""
      href="github.com/sourcegraph/sourcegraph"
    >
      sourcegraph/sourcegraph
    </a>
  </h3>
</div>
`;
