// Jest Snapshot v1, https://goo.gl/fbAQLP

exports[`StatusMessagesNavItem all messages 1`] = `
<DocumentFragment>
  <button
    aria-expanded="false"
    aria-label="Show status messages"
    class="btn btnLink nav-link py-0 px-0 percy-hide chromatic-ignore"
    type="button"
  />
</DocumentFragment>
`;

exports[`StatusMessagesNavItem no messages 1`] = `
<DocumentFragment>
  <button
    aria-expanded="false"
    aria-label="Show status messages"
    class="btn btnLink nav-link py-0 px-0 percy-hide chromatic-ignore"
    type="button"
  />
</DocumentFragment>
`;
