[
  {
    "id": 0,
    "result": {
      "capabilities": {
        "hoverProvider": true,
        "definitionProvider": true,
        "referencesProvider": true,
        "workspaceSymbolProvider": true
      }
    },
    "jsonrpc": "2.0"
  },
  {
    "id": 1,
    "result": {
      "contents": [
        {
          "language": "go",
          "value": "NewRouter func() *Router"
        },
        {
          "language": "text/html",
          "value": "\u003cp\u003e\nNewRouter returns a new router instance.\n\u003c/p\u003e\n"
        },
        {
          "language": "text/plain",
          "value": "NewRouter returns a new router instance.\n"
        },
        {
          "language": "text/definfo",
          "value": "{\"URI\":\"file:///gopath/src/mux/mux.go\",\"UnitType\":\"GoPackage\",\"Unit\":\"mux\",\"Path\":\"NewRouter\"}"
        }
      ],
      "range": {
        "start": {
          "line": 15,
          "character": 5
        },
        "end": {
          "line": 15,
          "character": 13
        }
      }
    },
    "jsonrpc": "2.0"
  },
  {
    "id": 2,
    "result": null,
    "jsonrpc": "2.0"
  }
]