---
source: crates/syntax-analysis/src/highlighting/syntect_scip.rs
expression: "snapshot_sciptect_documents(&document, &contents)"
---
  #include <stdbool.h>
//^^^^^^^^ Keyword keyword.control.import.include.c
//        ^ IdentifierNamespace string.quoted.other.lt-gt.include.c
//         ^^^^^^^^^^^ StringLiteral string.quoted.other.lt-gt.include.c
  
  int main() {
//^^^ IdentifierType storage.type.c
//    ^^^^ IdentifierFunction entity.name.function.c
//        ^ PunctuationBracket punctuation.section.group.begin.c
//         ^ PunctuationBracket punctuation.section.group.end.c
//           ^ PunctuationBracket punctuation.section.block.begin.c
    // Single line comment
//  ^^ Comment punctuation.definition.comment.c
//    ^^^^^^^^^^^^^^^^^^^^ Comment comment.line.double-slash.c
    int x = 1;
//  ^^^ IdentifierType storage.type.c
//        ^ IdentifierOperator keyword.operator.assignment.c
//          ^ NumericLiteral storage.type.numeric.c
//           ^ PunctuationDelimiter punctuation.terminator.c
  
    /*
//  ^^ Comment punctuation.definition.comment.c
//     Comment 6:4..7:3 punctuation.definition.comment.c
     *Multi Line
//   ^ Comment punctuation.definition.comment.c
//    ^^^^^^^^^^ Comment 7:4..8:3 punctuation.definition.comment.c
     */
//   ^^ Comment punctuation.definition.comment.c
  
    return x;
//  ^^^^^^ Keyword keyword.control.flow.return.c
//          ^ PunctuationDelimiter punctuation.terminator.c
  }
//^ PunctuationBracket punctuation.section.block.end.c
