// Jest Snapshot v1, https://goo.gl/fbAQLP

exports[`CampaignListPage renders for non-siteadmin and totalCount: 0 1`] = `
<Fragment>
  <PageHeader
    actions={
      <NewCampaignButton
        location="[Location path=/]"
      />
    }
    className="justify-content-end test-campaign-list-page"
    icon={[Function]}
    title="Campaigns"
  />
  <p
    className="text-muted"
  >
    Run custom code over hundreds of repositories and manage the resulting changesets
  </p>
  <CampaignListIntro />
  <CampaignListTabHeader
    selectedTab="campaigns"
    setSelectedTab={[Function]}
  />
  <FilteredConnection
    className="mb-3"
    cursorPaging={true}
    defaultFirst={15}
    emptyElement={
      <CampaignListEmptyElement
        location="[Location path=/]"
      />
    }
    filters={
      Array [
        Object {
          "id": "status",
          "label": "Status",
          "type": "radio",
          "values": Array [
            Object {
              "args": Object {
                "state": "OPEN",
              },
              "label": "Open",
              "tooltip": "Show only campaigns that are open",
              "value": "open",
            },
            Object {
              "args": Object {
                "state": "CLOSED",
              },
              "label": "Closed",
              "tooltip": "Show only campaigns that are closed",
              "value": "closed",
            },
            Object {
              "args": Object {},
              "label": "All",
              "tooltip": "Show all campaigns",
              "value": "all",
            },
          ],
        },
      ]
    }
    hideSearch={true}
    history="[History]"
    listClassName="campaign-list-page__grid mb-3"
    listComponent="div"
    location="[Location path=/]"
    noSummaryIfAllNodesVisible={true}
    nodeComponent={[Function]}
    nodeComponentProps={
      Object {
        "displayNamespace": true,
        "history": "[History]",
      }
    }
    noun="campaign"
    pluralNoun="campaigns"
    queryConnection={[Function]}
    telemetryService={
      Object {
        "log": [Function],
        "logViewEvent": [Function],
      }
    }
    useURLQuery={true}
  />
</Fragment>
`;

exports[`CampaignListPage renders for non-siteadmin and totalCount: 1 1`] = `
<Fragment>
  <PageHeader
    actions={
      <NewCampaignButton
        location="[Location path=/]"
      />
    }
    className="justify-content-end test-campaign-list-page"
    icon={[Function]}
    title="Campaigns"
  />
  <p
    className="text-muted"
  >
    Run custom code over hundreds of repositories and manage the resulting changesets
  </p>
  <CampaignListIntro />
  <CampaignListTabHeader
    selectedTab="campaigns"
    setSelectedTab={[Function]}
  />
  <FilteredConnection
    className="mb-3"
    cursorPaging={true}
    defaultFirst={15}
    emptyElement={
      <CampaignListEmptyElement
        location="[Location path=/]"
      />
    }
    filters={
      Array [
        Object {
          "id": "status",
          "label": "Status",
          "type": "radio",
          "values": Array [
            Object {
              "args": Object {
                "state": "OPEN",
              },
              "label": "Open",
              "tooltip": "Show only campaigns that are open",
              "value": "open",
            },
            Object {
              "args": Object {
                "state": "CLOSED",
              },
              "label": "Closed",
              "tooltip": "Show only campaigns that are closed",
              "value": "closed",
            },
            Object {
              "args": Object {},
              "label": "All",
              "tooltip": "Show all campaigns",
              "value": "all",
            },
          ],
        },
      ]
    }
    hideSearch={true}
    history="[History]"
    listClassName="campaign-list-page__grid mb-3"
    listComponent="div"
    location="[Location path=/]"
    noSummaryIfAllNodesVisible={true}
    nodeComponent={[Function]}
    nodeComponentProps={
      Object {
        "displayNamespace": true,
        "history": "[History]",
      }
    }
    noun="campaign"
    pluralNoun="campaigns"
    queryConnection={[Function]}
    telemetryService={
      Object {
        "log": [Function],
        "logViewEvent": [Function],
      }
    }
    useURLQuery={true}
  />
</Fragment>
`;

exports[`CampaignListPage renders for siteadmin and totalCount: 0 1`] = `
<Fragment>
  <PageHeader
    actions={
      <NewCampaignButton
        location="[Location path=/]"
      />
    }
    className="justify-content-end test-campaign-list-page"
    icon={[Function]}
    title="Campaigns"
  />
  <p
    className="text-muted"
  >
    Run custom code over hundreds of repositories and manage the resulting changesets
  </p>
  <CampaignListIntro />
  <CampaignListTabHeader
    selectedTab="campaigns"
    setSelectedTab={[Function]}
  />
  <FilteredConnection
    className="mb-3"
    cursorPaging={true}
    defaultFirst={15}
    emptyElement={
      <CampaignListEmptyElement
        location="[Location path=/]"
      />
    }
    filters={
      Array [
        Object {
          "id": "status",
          "label": "Status",
          "type": "radio",
          "values": Array [
            Object {
              "args": Object {
                "state": "OPEN",
              },
              "label": "Open",
              "tooltip": "Show only campaigns that are open",
              "value": "open",
            },
            Object {
              "args": Object {
                "state": "CLOSED",
              },
              "label": "Closed",
              "tooltip": "Show only campaigns that are closed",
              "value": "closed",
            },
            Object {
              "args": Object {},
              "label": "All",
              "tooltip": "Show all campaigns",
              "value": "all",
            },
          ],
        },
      ]
    }
    hideSearch={true}
    history="[History]"
    listClassName="campaign-list-page__grid mb-3"
    listComponent="div"
    location="[Location path=/]"
    noSummaryIfAllNodesVisible={true}
    nodeComponent={[Function]}
    nodeComponentProps={
      Object {
        "displayNamespace": true,
        "history": "[History]",
      }
    }
    noun="campaign"
    pluralNoun="campaigns"
    queryConnection={[Function]}
    telemetryService={
      Object {
        "log": [Function],
        "logViewEvent": [Function],
      }
    }
    useURLQuery={true}
  />
</Fragment>
`;

exports[`CampaignListPage renders for siteadmin and totalCount: 1 1`] = `
<Fragment>
  <PageHeader
    actions={
      <NewCampaignButton
        location="[Location path=/]"
      />
    }
    className="justify-content-end test-campaign-list-page"
    icon={[Function]}
    title="Campaigns"
  />
  <p
    className="text-muted"
  >
    Run custom code over hundreds of repositories and manage the resulting changesets
  </p>
  <CampaignListIntro />
  <CampaignListTabHeader
    selectedTab="campaigns"
    setSelectedTab={[Function]}
  />
  <FilteredConnection
    className="mb-3"
    cursorPaging={true}
    defaultFirst={15}
    emptyElement={
      <CampaignListEmptyElement
        location="[Location path=/]"
      />
    }
    filters={
      Array [
        Object {
          "id": "status",
          "label": "Status",
          "type": "radio",
          "values": Array [
            Object {
              "args": Object {
                "state": "OPEN",
              },
              "label": "Open",
              "tooltip": "Show only campaigns that are open",
              "value": "open",
            },
            Object {
              "args": Object {
                "state": "CLOSED",
              },
              "label": "Closed",
              "tooltip": "Show only campaigns that are closed",
              "value": "closed",
            },
            Object {
              "args": Object {},
              "label": "All",
              "tooltip": "Show all campaigns",
              "value": "all",
            },
          ],
        },
      ]
    }
    hideSearch={true}
    history="[History]"
    listClassName="campaign-list-page__grid mb-3"
    listComponent="div"
    location="[Location path=/]"
    noSummaryIfAllNodesVisible={true}
    nodeComponent={[Function]}
    nodeComponentProps={
      Object {
        "displayNamespace": true,
        "history": "[History]",
      }
    }
    noun="campaign"
    pluralNoun="campaigns"
    queryConnection={[Function]}
    telemetryService={
      Object {
        "log": [Function],
        "logViewEvent": [Function],
      }
    }
    useURLQuery={true}
  />
</Fragment>
`;
