---
source: crates/sg-syntax/src/sg_sciptect.rs
expression: "dump_document(&document, &contents)"
---
  #include "common/common.h"
//^^^^^^^^ IdentifierKeyword
//        ^ IdentifierNamespace
//         ^^^^^^^^^^^^^^^^^ StringLiteral
  #include <csignal>
//^^^^^^^^ IdentifierKeyword
//        ^ IdentifierNamespace
//         ^^^^^^^^^ StringLiteral
  
  int main() {
//^^^ IdentifierKeyword
//    ^^^^ IdentifierFunction
      syntect::Exception::raise("oops");
//                              ^^^^^^ StringLiteral
//                                     ^ PunctuationDelimiter
  }

