---
source: crates/sg-syntax/src/sg_sciptect.rs
expression: "dump_document(&document, &contents)"
---
  #!/bin/sh
// ^^^^^^^^ Comment
  set -eux
//^^^ IdentifierFunction
//    ^ PunctuationBracket
//     ^^^ Identifier
  
  OUT=$(test/backtrace-test-raise 2>&1)
//^^^ Identifier
//   ^ IdentifierOperator
//    ^ PunctuationBracket
//    ^^^^^^^^^^^^^^^^^^^^^^^^^^^^^^^^^ StringLiteral
//     ^ PunctuationBracket
//      ^^^^^^^^^^^^^^^^^^^^^^^^^ IdentifierFunction
//                                ^ NumericLiteral
//                                 ^^ IdentifierOperator
//                                   ^ NumericLiteral
//                                    ^ PunctuationBracket
  REPO_LINT=$(
//^^^^^^^^^ Identifier
//         ^ IdentifierOperator
//          ^ PunctuationBracket
//           ^ PunctuationBracket
//          ^^ StringLiteral 4:10..9:19
   git diff origin/main -- foobar.md |
// ^^^ IdentifierFunction
//                     ^^^ IdentifierOperator
//                                   ^ IdentifierOperator
   # some comment
// ^ Comment
//  ^^^^^^^^^^^^^ Comment
   grep ^+ |
// ^^^^ IdentifierFunction
//         ^ IdentifierOperator
   # more sed
// ^ Comment
//  ^^^^^^^^^ Comment
   sed 's/#readme//')
// ^^^ IdentifierFunction
//     ^^^^^^^^^^^^^ StringLiteral
//                  ^ PunctuationBracket
  echo "$OUT"
//^^^^ IdentifierFunction
//     ^^^^^^ StringLiteral
//      ^ PunctuationBracket
//       ^^^ Identifier
  echo "$REPO_LINT"
//^^^^ IdentifierFunction
//     ^^^^^^^^^^^^ StringLiteral
//      ^ PunctuationBracket
//       ^^^^^^^^^ Identifier
  echo "$OUT" | grep 'in main backtrace-test-raise.cc:4'
//^^^^ IdentifierFunction
//     ^^^^^^ StringLiteral
//      ^ PunctuationBracket
//       ^^^ Identifier
//            ^ IdentifierOperator
//              ^^^^ IdentifierFunction
//                   ^^^^^^^^^^^^^^^^^^^^^^^^^^^^^^^^^^^ StringLiteral
  if [ "$OUT" != '0' ]; then
//^^ IdentifierKeyword
//   ^ IdentifierFunction
//     ^^^^^^ StringLiteral
//      ^ PunctuationBracket
//       ^^^ Identifier
//            ^^ IdentifierOperator
//               ^^^ StringLiteral
//                   ^ IdentifierFunction
//                    ^ IdentifierOperator
//                      ^^^^ IdentifierKeyword
  echo 'foo'
//^^^^ IdentifierFunction
//     ^^^^^ StringLiteral
  fi
//^^ IdentifierKeyword

