---
source: crates/sg-syntax/src/sg_treesitter.rs
expression: "dump_document(&document, src)"
---
  package main
//^^^^^^^ IdentifierKeyword 
//        ^^^^ IdentifierNamespace 
  import "fmt"
//^^^^^^ IdentifierKeyword 
//       ^^^^^ StringLiteral 
  
  func main() {
//^^^^ IdentifierKeyword 
//     ^^^^ IdentifierFunctionDefinition 
   fmt.Println("Hello, world", 5)
// ^^^ IdentifierBuiltin 
//     ^^^^^^^ IdentifierFunctionDefinition 
//             ^^^^^^^^^^^^^^ StringLiteral 
//                           ^ PunctuationDelimiter 
//                             ^ NumericLiteral 
  }

