---
source: crates/sg-syntax/src/sg_treesitter.rs
expression: "dump_document(&document, &contents)"
---
  // Original:
//^^^^^^^^^^^^ Comment 
  // repo:^github\.com/radzenhq/radzen-blazor$ file:^Radzen\.Blazor\.Tests/DataGridTests\.cs
//^^^^^^^^^^^^^^^^^^^^^^^^^^^^^^^^^^^^^^^^^^^^^^^^^^^^^^^^^^^^^^^^^^^^^^^^^^^^^^^^^^^^^^^^^^ Comment 
  
  using AngleSharp.Dom;
//^^^^^ IdentifierKeyword 
//      ^^^^^^^^^^ IdentifierNamespace 
//                ^ PunctuationDelimiter 
//                 ^^^ IdentifierNamespace 
//                    ^ PunctuationDelimiter 
  using Bunit;
//^^^^^ IdentifierKeyword 
//      ^^^^^ IdentifierNamespace 
//           ^ PunctuationDelimiter 
  using Microsoft.AspNetCore.Components;
//^^^^^ IdentifierKeyword 
//      ^^^^^^^^^ IdentifierNamespace 
//               ^ PunctuationDelimiter 
//                ^^^^^^^^^^ IdentifierNamespace 
//                          ^ PunctuationDelimiter 
//                           ^^^^^^^^^^ IdentifierNamespace 
//                                     ^ PunctuationDelimiter 
  using Microsoft.AspNetCore.Components.Rendering;
//^^^^^ IdentifierKeyword 
//      ^^^^^^^^^ IdentifierNamespace 
//               ^ PunctuationDelimiter 
//                ^^^^^^^^^^ IdentifierNamespace 
//                          ^ PunctuationDelimiter 
//                           ^^^^^^^^^^ IdentifierNamespace 
//                                     ^ PunctuationDelimiter 
//                                      ^^^^^^^^^ IdentifierNamespace 
//                                               ^ PunctuationDelimiter 
  using System;
//^^^^^ IdentifierKeyword 
//      ^^^^^^ IdentifierNamespace 
//            ^ PunctuationDelimiter 
  using System.Collections.Generic;
//^^^^^ IdentifierKeyword 
//      ^^^^^^ IdentifierNamespace 
//            ^ PunctuationDelimiter 
//             ^^^^^^^^^^^ IdentifierNamespace 
//                        ^ PunctuationDelimiter 
//                         ^^^^^^^ IdentifierNamespace 
//                                ^ PunctuationDelimiter 
  using System.Linq;
//^^^^^ IdentifierKeyword 
//      ^^^^^^ IdentifierNamespace 
//            ^ PunctuationDelimiter 
//             ^^^^ IdentifierNamespace 
//                 ^ PunctuationDelimiter 
  using System.Text.RegularExpressions;
//^^^^^ IdentifierKeyword 
//      ^^^^^^ IdentifierNamespace 
//            ^ PunctuationDelimiter 
//             ^^^^ IdentifierNamespace 
//                 ^ PunctuationDelimiter 
//                  ^^^^^^^^^^^^^^^^^^ IdentifierNamespace 
//                                    ^ PunctuationDelimiter 
  using Xunit;
//^^^^^ IdentifierKeyword 
//      ^^^^^ IdentifierNamespace 
//           ^ PunctuationDelimiter 
  namespace Radzen.Blazor.
//^^^^^^^^^ IdentifierKeyword 
//          ^^^^^^ IdentifierNamespace 
//                ^ PunctuationDelimiter 
//                 ^^^^^^ IdentifierNamespace 
//                       ^ PunctuationDelimiter 
  {
      public class DataGridTests
//    ^^^^^^ IdentifierKeyword 
//           ^^^^^ IdentifierKeyword 
//                 ^^^^^^^^^^^^^ IdentifierType 
      {
          // Css classes tests
//        ^^^^^^^^^^^^^^^^^^^^ Comment 
          [Fact]
//         ^^^^ IdentifierType 
          public void DataGrid_Renders_CssClass()
//        ^^^^^^ IdentifierKeyword 
//               ^^^^ IdentifierBuiltin 
          {
              using var ctx = new TestContext();
//            ^^^^^ IdentifierKeyword 
//                  ^^^ IdentifierType 
//                      ^^^ Identifier 
//                          ^ IdentifierOperator 
//                            ^^^ IdentifierKeyword 
//                                             ^ PunctuationDelimiter 
              ctx.JSInterop.Mode = JSRuntimeMode.Loose;
//               ^ PunctuationDelimiter 
//                         ^ PunctuationDelimiter 
//                               ^ IdentifierOperator 
//                                              ^ PunctuationDelimiter 
//                                                    ^ PunctuationDelimiter 
              ctx.JSInterop.SetupModule("_content/Radzen.Blazor/Radzen.Blazor.js");
//               ^ PunctuationDelimiter 
//                         ^ PunctuationDelimiter 
//                          ^^^^^^^^^^^ IdentifierFunction 
//                                      ^ StringLiteral 
//                                       ^^^^^^^^^^^^^^^^^^^^^^^^^^^^^^^^^^^^^^^ StringLiteral 
//                                                                              ^ StringLiteral 
//                                                                                ^ PunctuationDelimiter 
              var component = ctx.RenderComponent<RadzenGrid<dynamic>>(parameterBuilder =>
//            ^^^ IdentifierType 
//                ^^^^^^^^^ Identifier 
//                          ^ IdentifierOperator 
//                               ^ PunctuationDelimiter 
//                                ^^^^^^^^^^^^^^^ IdentifierFunction 
//                                               ^ IdentifierOperator 
//                                                ^^^^^^^^^^ IdentifierType 
//                                                          ^ IdentifierOperator 
//                                                           ^^^^^^^ IdentifierType 
//                                                                  ^ IdentifierOperator 
//                                                                   ^ IdentifierOperator 
//                                                                     ^^^^^^^^^^^^^^^^^ Identifier 
//                                                                                      ^^ IdentifierOperator 
//                                                                                         Identifier 23:88..24:12 
              {
//              Identifier 24:13..25:32 
                  parameterBuilder.Add<IEnumerable<dynamic>>(p => p.Data, new[] { new { Id = 1 }, new { Id = 2 }, new { Id = 3 } });
//                                ^ PunctuationDelimiter 
//                                 ^^^ IdentifierFunction 
//                                    ^ IdentifierOperator 
//                                     ^^^^^^^^^^^ IdentifierType 
//                                                ^ IdentifierOperator 
//                                                 ^^^^^^^ IdentifierType 
//                                                        ^ IdentifierOperator 
//                                                         ^ IdentifierOperator 
//                                                           ^^ Identifier 
//                                                             ^^ IdentifierOperator 
//                                                               ^^ Identifier 
//                                                                 ^ PunctuationDelimiter 
//                                                                  ^^^^ Identifier 
//                                                                      ^ PunctuationDelimiter 
//                                                                       ^ Identifier 
//                                                                        ^^^ IdentifierKeyword 
//                                                                             ^ Identifier 
//                                                                               ^ Identifier 
//                                                                                ^^^ IdentifierKeyword 
//                                                                                   ^ Identifier 
//                                                                                     ^^^^ Identifier 
//                                                                                         ^ IdentifierOperator 
//                                                                                          ^ Identifier 
//                                                                                           ^ NumericLiteral 
//                                                                                            ^ Identifier 
//                                                                                              ^ PunctuationDelimiter 
//                                                                                               ^ Identifier 
//                                                                                                ^^^ IdentifierKeyword 
//                                                                                                   ^ Identifier 
//                                                                                                     ^^^^ Identifier 
//                                                                                                         ^ IdentifierOperator 
//                                                                                                          ^ Identifier 
//                                                                                                           ^ NumericLiteral 
//                                                                                                            ^ Identifier 
//                                                                                                              ^ PunctuationDelimiter 
//                                                                                                               ^ Identifier 
//                                                                                                                ^^^ IdentifierKeyword 
//                                                                                                                   ^ Identifier 
//                                                                                                                     ^^^^ Identifier 
//                                                                                                                         ^ IdentifierOperator 
//                                                                                                                          ^ Identifier 
//                                                                                                                           ^ NumericLiteral 
//                                                                                                                            ^ Identifier 
//                                                                                                                              ^ Identifier 
//                                                                                                                                 ^ PunctuationDelimiter 
//                                                                                                                                   Identifier 25:130..26:32 
                  parameterBuilder.Add<RenderFragment>(p => p.Columns, builder =>
//                                ^ PunctuationDelimiter 
//                                 ^^^ IdentifierFunction 
//                                    ^ IdentifierOperator 
//                                     ^^^^^^^^^^^^^^ IdentifierType 
//                                                   ^ IdentifierOperator 
//                                                     ^^ Identifier 
//                                                       ^^ IdentifierOperator 
//                                                         ^^ Identifier 
//                                                           ^ PunctuationDelimiter 
//                                                            ^^^^^^^ Identifier 
//                                                                   ^ PunctuationDelimiter 
//                                                                    ^ Identifier 
//                                                                     ^^^^^^^^ Identifier 
//                                                                             ^^ IdentifierOperator 
//                                                                                Identifier 26:79..27:16 
                  {
//                  Identifier 27:17..28:27 
                      builder.OpenComponent(0, typeof(RadzenGridColumn<dynamic>));
//                           ^ PunctuationDelimiter 
//                            ^^^^^^^^^^^^^ IdentifierFunction 
//                                          ^ NumericLiteral 
//                                           ^ PunctuationDelimiter 
//                                            ^ Identifier 
//                                             ^^^^^^ IdentifierKeyword 
//                                                    ^^^^^^^^^^^^^^^^ IdentifierType 
//                                                                    ^ IdentifierOperator 
//                                                                     ^^^^^^^ IdentifierType 
//                                                                            ^ IdentifierOperator 
//                                                                               ^ PunctuationDelimiter 
//                                                                                 Identifier 28:80..29:27 
                      builder.AddAttribute(1, "Property", "Id");
//                           ^ PunctuationDelimiter 
//                            ^^^^^^^^^^^^ IdentifierFunction 
//                                         ^ NumericLiteral 
//                                          ^ PunctuationDelimiter 
//                                           ^ Identifier 
//                                            ^ StringLiteral 
//                                             ^^^^^^^^ StringLiteral 
//                                                     ^ StringLiteral 
//                                                      ^ PunctuationDelimiter 
//                                                       ^ Identifier 
//                                                        ^ StringLiteral 
//                                                         ^^ StringLiteral 
//                                                           ^ StringLiteral 
//                                                             ^ PunctuationDelimiter 
//                                                               Identifier 29:62..30:27 
                      builder.CloseComponent();
//                           ^ PunctuationDelimiter 
//                            ^^^^^^^^^^^^^^ IdentifierFunction 
//                                            ^ PunctuationDelimiter 
//                                              Identifier 30:45..31:16 
                  });
//                  ^ PunctuationDelimiter 
//                    Identifier 31:19..32:12 
              });
//              ^ PunctuationDelimiter 
  
              // Main
//            ^^^^^^^ Comment 
              Assert.Contains(@$"rz-datatable-scrollable-wrapper", component.Markup);
//                  ^ PunctuationDelimiter 
//                   ^^^^^^^^ IdentifierFunction 
//                            ^^^ StringLiteral 
//                               ^^^^^^^^^^^^^^^^^^^^^^^^^^^^^^^ StringLiteral 
//                                                              ^ StringLiteral 
//                                                               ^ PunctuationDelimiter 
//                                                                          ^ PunctuationDelimiter 
//                                                                                  ^ PunctuationDelimiter 
              Assert.Contains(@$"rz-datatable-scrollable-view", component.Markup);
//                  ^ PunctuationDelimiter 
//                   ^^^^^^^^ IdentifierFunction 
//                            ^^^ StringLiteral 
//                               ^^^^^^^^^^^^^^^^^^^^^^^^^^^^ StringLiteral 
//                                                           ^ StringLiteral 
//                                                            ^ PunctuationDelimiter 
//                                                                       ^ PunctuationDelimiter 
//                                                                               ^ PunctuationDelimiter 
  
              var component = ctx.RenderComponent<RadzenGrid<dynamic>>(parameterBuilder =>
//            ^^^ IdentifierType 
//                ^^^^^^^^^ Identifier 
//                          ^ IdentifierOperator 
//                               ^ PunctuationDelimiter 
//                                ^^^^^^^^^^^^^^^ IdentifierFunction 
//                                               ^ IdentifierOperator 
//                                                ^^^^^^^^^^ IdentifierType 
//                                                          ^ IdentifierOperator 
//                                                           ^^^^^^^ IdentifierType 
//                                                                  ^ IdentifierOperator 
//                                                                   ^ IdentifierOperator 
//                                                                     ^^^^^^^^^^^^^^^^^ Identifier 
//                                                                                      ^^ IdentifierOperator 
//                                                                                         Identifier 38:88..39:12 
              {
//              Identifier 39:13..40:32 
                  parameterBuilder.Add<IEnumerable<dynamic>>(p => p.Data, new[] { new { Id = 1 }, new { Id = 2 }, new { Id = 3 } });
//                                ^ PunctuationDelimiter 
//                                 ^^^ IdentifierFunction 
//                                    ^ IdentifierOperator 
//                                     ^^^^^^^^^^^ IdentifierType 
//                                                ^ IdentifierOperator 
//                                                 ^^^^^^^ IdentifierType 
//                                                        ^ IdentifierOperator 
//                                                         ^ IdentifierOperator 
//                                                           ^^ Identifier 
//                                                             ^^ IdentifierOperator 
//                                                               ^^ Identifier 
//                                                                 ^ PunctuationDelimiter 
//                                                                  ^^^^ Identifier 
//                                                                      ^ PunctuationDelimiter 
//                                                                       ^ Identifier 
//                                                                        ^^^ IdentifierKeyword 
//                                                                             ^ Identifier 
//                                                                               ^ Identifier 
//                                                                                ^^^ IdentifierKeyword 
//                                                                                   ^ Identifier 
//                                                                                     ^^^^ Identifier 
//                                                                                         ^ IdentifierOperator 
//                                                                                          ^ Identifier 
//                                                                                           ^ NumericLiteral 
//                                                                                            ^ Identifier 
//                                                                                              ^ PunctuationDelimiter 
//                                                                                               ^ Identifier 
//                                                                                                ^^^ IdentifierKeyword 
//                                                                                                   ^ Identifier 
//                                                                                                     ^^^^ Identifier 
//                                                                                                         ^ IdentifierOperator 
//                                                                                                          ^ Identifier 
//                                                                                                           ^ NumericLiteral 
//                                                                                                            ^ Identifier 
//                                                                                                              ^ PunctuationDelimiter 
//                                                                                                               ^ Identifier 
//                                                                                                                ^^^ IdentifierKeyword 
//                                                                                                                   ^ Identifier 
//                                                                                                                     ^^^^ Identifier 
//                                                                                                                         ^ IdentifierOperator 
//                                                                                                                          ^ Identifier 
//                                                                                                                           ^ NumericLiteral 
//                                                                                                                            ^ Identifier 
//                                                                                                                              ^ Identifier 
//                                                                                                                                 ^ PunctuationDelimiter 
//                                                                                                                                   Identifier 40:130..41:32 
                  parameterBuilder.Add<RenderFragment>(p => p.Columns, builder =>
//                                ^ PunctuationDelimiter 
//                                 ^^^ IdentifierFunction 
//                                    ^ IdentifierOperator 
//                                     ^^^^^^^^^^^^^^ IdentifierType 
//                                                   ^ IdentifierOperator 
//                                                     ^^ Identifier 
//                                                       ^^ IdentifierOperator 
//                                                         ^^ Identifier 
//                                                           ^ PunctuationDelimiter 
//                                                            ^^^^^^^ Identifier 
//                                                                   ^ PunctuationDelimiter 
//                                                                    ^ Identifier 
//                                                                     ^^^^^^^^ Identifier 
//                                                                             ^^ IdentifierOperator 
//                                                                                Identifier 41:79..42:16 
                  {
//                  Identifier 42:17..43:27 
                      builder.OpenComponent(0, typeof(RadzenGridColumn<dynamic>));
//                           ^ PunctuationDelimiter 
//                            ^^^^^^^^^^^^^ IdentifierFunction 
//                                          ^ NumericLiteral 
//                                           ^ PunctuationDelimiter 
//                                            ^ Identifier 
//                                             ^^^^^^ IdentifierKeyword 
//                                                    ^^^^^^^^^^^^^^^^ IdentifierType 
//                                                                    ^ IdentifierOperator 
//                                                                     ^^^^^^^ IdentifierType 
//                                                                            ^ IdentifierOperator 
//                                                                               ^ PunctuationDelimiter 
//                                                                                 Identifier 43:80..44:27 
                      builder.AddAttribute(1, "Property", "Id");
//                           ^ PunctuationDelimiter 
//                            ^^^^^^^^^^^^ IdentifierFunction 
//                                         ^ NumericLiteral 
//                                          ^ PunctuationDelimiter 
//                                           ^ Identifier 
//                                            ^ StringLiteral 
//                                             ^^^^^^^^ StringLiteral 
//                                                     ^ StringLiteral 
//                                                      ^ PunctuationDelimiter 
//                                                       ^ Identifier 
//                                                        ^ StringLiteral 
//                                                         ^^ StringLiteral 
//                                                           ^ StringLiteral 
//                                                             ^ PunctuationDelimiter 
//                                                               Identifier 44:62..45:27 
                      builder.CloseComponent();
//                           ^ PunctuationDelimiter 
//                            ^^^^^^^^^^^^^^ IdentifierFunction 
//                                            ^ PunctuationDelimiter 
//                                              Identifier 45:45..46:16 
                  });
//                  ^ PunctuationDelimiter 
//                    Identifier 46:19..47:12 
              });
//              ^ PunctuationDelimiter 
  
              var markup = new Regex(@"\s\s+").Replace(component.Markup, "").Trim();
//            ^^^ IdentifierType 
//                ^^^^^^ Identifier 
//                       ^ IdentifierOperator 
//                         ^^^ IdentifierKeyword 
//                                   ^^^^^^^^ StringLiteral 
//                                            ^ PunctuationDelimiter 
//                                             ^^^^^^^ IdentifierFunction 
//                                                              ^ PunctuationDelimiter 
//                                                                     ^ PunctuationDelimiter 
//                                                                       ^ StringLiteral 
//                                                                        ^ StringLiteral 
//                                                                          ^ PunctuationDelimiter 
//                                                                           ^^^^ IdentifierFunction 
//                                                                                 ^ PunctuationDelimiter 
              Assert.Contains(@$"""rz-cell-data"">1", markup);
//                  ^ PunctuationDelimiter 
//                   ^^^^^^^^ IdentifierFunction 
//                            ^^^ StringLiteral 
//                               ^^ StringLiteral 
//                                 ^^^^^^^^^^^^ StringLiteral 
//                                             ^^ StringLiteral 
//                                               ^^ StringLiteral 
//                                                 ^ StringLiteral 
//                                                  ^ PunctuationDelimiter 
//                                                           ^ PunctuationDelimiter 
              Assert.Contains(@$"""rz-cell-data"">2", markup);
//                  ^ PunctuationDelimiter 
//                   ^^^^^^^^ IdentifierFunction 
//                            ^^^ StringLiteral 
//                               ^^ StringLiteral 
//                                 ^^^^^^^^^^^^ StringLiteral 
//                                             ^^ StringLiteral 
//                                               ^^ StringLiteral 
//                                                 ^ StringLiteral 
//                                                  ^ PunctuationDelimiter 
//                                                           ^ PunctuationDelimiter 
              Assert.Contains(@$"""rz-cell-data"">3", markup);
//                  ^ PunctuationDelimiter 
//                   ^^^^^^^^ IdentifierFunction 
//                            ^^^ StringLiteral 
//                               ^^ StringLiteral 
//                                 ^^^^^^^^^^^^ StringLiteral 
//                                             ^^ StringLiteral 
//                                               ^^ StringLiteral 
//                                                 ^ StringLiteral 
//                                                  ^ PunctuationDelimiter 
//                                                           ^ PunctuationDelimiter 
              Assert.Contains(@"
//                  ^ PunctuationDelimiter 
//                   ^^^^^^^^ IdentifierFunction 
//                            ^^ StringLiteral 53:28..55:1 
  Lorem Ipsum
  ", component.Markup);
// ^ PunctuationDelimiter 
//            ^ PunctuationDelimiter 
//                    ^ PunctuationDelimiter 
          }
      }
  }

