// Jest Snapshot v1, https://goo.gl/fbAQLP

exports[`ExtensionCard renders 1`] = `
<div
  className="d-flex col-sm-6 col-md-6 col-lg-4 pb-4"
>
  <div
    className="extension-card card"
  >
    <a
      className="card-body extension-card__body d-flex flex-column"
      to="extensions/x/y"
    >
      <div
        className="d-flex"
      >
        <img
          className="extension-card__icon mr-2"
          src="data:image/png,abcd"
        />
        <div
          className="text-truncate"
        >
          <div
            className="d-flex align-items-center"
          >
            <h4
              className="card-title extension-card__body-title mb-0 mr-1 text-truncate font-weight-normal"
            >
              <span
                className="text-muted"
              >
                x
                /
              </span>
              <strong>
                y
              </strong>
            </h4>
          </div>
          <div
            className="mt-1"
          >
            <div
              className="text-muted text-truncate"
            >
              d
            </div>
          </div>
        </div>
      </div>
    </a>
    <div
      className="card-footer extension-card__footer py-0 pl-0"
    >
      <ul
        className="nav align-items-center"
      >
        <li
          className="nav-item"
        >
          <a
            className="nav-link px-2"
            href="/extensions/x/y"
            onClick={[Function]}
            tabIndex={-1}
          >
            Details
          </a>
        </li>
        <li
          className="extension-card__spacer"
        />
        <li
          className="nav-item"
        />
      </ul>
    </div>
  </div>
</div>
`;
