{
  "Input": "([ag])",
  "Result": {
    "matches": [
      {
        "value": "a",
        "range": {
          "start": {
            "offset": -1,
            "line": 1,
            "column": 0
          },
          "end": {
            "offset": -1,
            "line": 1,
            "column": 1
          }
        },
        "environment": {
          "1": {
            "value": "a",
            "range": {
              "start": {
                "offset": -1,
                "line": 1,
                "column": 0
              },
              "end": {
                "offset": -1,
                "line": 1,
                "column": 1
              }
            }
          }
        }
      },
      {
        "value": "g",
        "range": {
          "start": {
            "offset": -1,
            "line": 1,
            "column": 6
          },
          "end": {
            "offset": -1,
            "line": 1,
            "column": 7
          }
        },
        "environment": {
          "1": {
            "value": "g",
            "range": {
              "start": {
                "offset": -1,
                "line": 1,
                "column": 6
              },
              "end": {
                "offset": -1,
                "line": 1,
                "column": 7
              }
            }
          }
        }
      }
    ],
    "path": "bedge",
    "repositoryID": 5,
    "repository": "codehost.com/myorg/myrepo"
  }
}