[]types.InsightViewSeries{{
	ViewID:          2,
	InsightSeriesID: 2,
	UniqueID:        "globalonly",
	SeriesID:        "globalseries",
	Title:           "global only",
	Description:     "global only",
	Query:           "global",
	CreatedAt: time.Date(2020,
		1,
		1,
		0,
		0,
		0,
		0,
		time.UTC),
	OldestHistoricalAt: time.Date(2020,
		1,
		1,
		0,
		0,
		0,
		0,
		time.UTC),
	LastRecordedAt: time.Date(2020,
		1,
		1,
		0,
		0,
		0,
		0,
		time.UTC),
	NextRecordingAfter: time.Date(2020,
		1,
		1,
		0,
		0,
		0,
		0,
		time.UTC),
	LastSnapshotAt: time.Date(2020,
		1,
		1,
		0,
		0,
		0,
		0,
		time.UTC),
	NextSnapshotAfter: time.Date(2020,
		1,
		1,
		0,
		0,
		0,
		0,
		time.UTC),
	Label:                "label2",
	LineColor:            "red",
	SampleIntervalUnit:   "MONTH",
	PresentationType:     types.PresentationType("LINE"),
	GenerationMethod:     types.GenerationMethod("search"),
	SupportsAugmentation: true,
}}
