[]types.InsightViewSeries{{
	ViewID:          1,
	InsightSeriesID: 1,
	UniqueID:        "user1viewonly",
	SeriesID:        "series1",
	Title:           "user 1 view only",
	Description:     "user 1 should see this only",
	Query:           "query1",
	CreatedAt: time.Date(2020,
		1,
		1,
		0,
		0,
		0,
		0,
		time.UTC),
	OldestHistoricalAt: time.Date(2020,
		1,
		1,
		0,
		0,
		0,
		0,
		time.UTC),
	LastRecordedAt: time.Date(2020,
		1,
		1,
		0,
		0,
		0,
		0,
		time.UTC),
	NextRecordingAfter: time.Date(2020,
		1,
		1,
		0,
		0,
		0,
		0,
		time.UTC),
	LastSnapshotAt: time.Date(2020,
		1,
		1,
		0,
		0,
		0,
		0,
		time.UTC),
	NextSnapshotAfter: time.Date(2020,
		1,
		1,
		0,
		0,
		0,
		0,
		time.UTC),
	Label:                "label1",
	LineColor:            "blue",
	SampleIntervalUnit:   "MONTH",
	PresentationType:     types.PresentationType("LINE"),
	GenerationMethod:     types.GenerationMethod("search"),
	SupportsAugmentation: true,
}}
