---
source: crates/scip-syntax/src/locals.rs
expression: dumped
---
  package main
//        ^^^^ definition local 1
  
  func main() {
//     ^^^^ reference local 1
   local := 5
// ^^^^^ definition local 2
   something := func(unrelated int) int {
// ^^^^^^^^^ definition local 3
//                   ^^^^^^^^^ definition local 4
    superNested := func(deeplyNested int) int {
//  ^^^^^^^^^^^ definition local 5
//                      ^^^^^^^^^^^^ definition local 7
     return local + unrelated + deeplyNested
//          ^^^^^ reference local 2
//                  ^^^^^^^^^ reference local 4
//                              ^^^^^^^^^^^^ reference local 7
    }
  
    overwriteName := func(local int) int {
//  ^^^^^^^^^^^^^ definition local 6
//                        ^^^^^ definition local 8
     return local + unrelated
//          ^^^^^ reference local 8
//                  ^^^^^^^^^ reference local 4
    }
  
    return superNested(1) + overwriteName(1)
//         ^^^^^^^^^^^ reference local 5
//                          ^^^^^^^^^^^^^ reference local 6
   }
  
   println(local, something)
//         ^^^^^ reference local 2
//                ^^^^^^^^^ reference local 3
  }

