---
source: crates/scip-syntax/src/locals.rs
expression: dumped
---
  package main
  
  func main() {
   local := 5
// ^^^^^ definition local 1
   something := func(unrelated int) int {
// ^^^^^^^^^ definition local 2
//                   ^^^^^^^^^ definition local 3
    superNested := func(deeplyNested int) int {
//  ^^^^^^^^^^^ definition local 4
//                      ^^^^^^^^^^^^ definition local 5
     return local + unrelated + deeplyNested
//          ^^^^^ reference local 1
//                  ^^^^^^^^^ reference local 3
//                              ^^^^^^^^^^^^ reference local 5
    }
  
    overwriteName := func(local int) int {
//  ^^^^^^^^^^^^^ definition local 6
//                        ^^^^^ definition local 7
     return local + unrelated
//          ^^^^^ reference local 7
//                  ^^^^^^^^^ reference local 3
    }
  
    return superNested(1) + overwriteName(1)
//         ^^^^^^^^^^^ reference local 4
//                          ^^^^^^^^^^^^^ reference local 6
   }
  
   println(local, something)
//         ^^^^^ reference local 1
//                ^^^^^^^^^ reference local 2
  }

