---
source: crates/scip-syntax/src/locals.rs
expression: scope_tree
---
scope global (0, 0)-(33, 0)
  ref local (3, 4)-(3, 9)
  scope scope (5, 0)-(21, 1)
    ref main (5, 5)-(5, 9)
    scope scope (5, 12)-(21, 1)
      ref local (6, 1)-(6, 6)
      def local (7, 1)-(7, 6)
      ref local (7, 1)-(7, 6)
      def something (8, 1)-(8, 10)
      ref something (8, 1)-(8, 10)
      scope scope (8, 14)-(18, 2)
        def unrelated (8, 19)-(8, 28)
        ref unrelated (8, 19)-(8, 28)
        ref int (8, 29)-(8, 32)
        ref int (8, 34)-(8, 37)
        scope scope (8, 38)-(18, 2)
          def superNested (9, 2)-(9, 13)
          ref superNested (9, 2)-(9, 13)
          scope scope (9, 17)-(11, 3)
            def deeplyNested (9, 22)-(9, 34)
            ref deeplyNested (9, 22)-(9, 34)
            ref int (9, 35)-(9, 38)
            ref int (9, 40)-(9, 43)
            scope scope (9, 44)-(11, 3)
              ref local (10, 10)-(10, 15)
              ref unrelated (10, 18)-(10, 27)
              ref deeplyNested (10, 30)-(10, 42)
          def overwriteName (13, 2)-(13, 15)
          ref overwriteName (13, 2)-(13, 15)
          scope scope (13, 19)-(15, 3)
            def local (13, 24)-(13, 29)
            ref local (13, 24)-(13, 29)
            ref int (13, 30)-(13, 33)
            ref int (13, 35)-(13, 38)
            scope scope (13, 39)-(15, 3)
              ref local (14, 10)-(14, 15)
              ref unrelated (14, 18)-(14, 27)
          ref superNested (17, 9)-(17, 20)
          ref overwriteName (17, 26)-(17, 39)
      ref println (20, 1)-(20, 8)
      ref local (20, 9)-(20, 14)
      ref something (20, 16)-(20, 25)
  scope scope (23, 0)-(32, 1)
    ref Another (23, 5)-(23, 12)
    def local (23, 13)-(23, 18)
    ref local (23, 13)-(23, 18)
    ref int (23, 19)-(23, 22)
    ref int (23, 24)-(23, 27)
    scope scope (23, 28)-(32, 1)
      scope scope (24, 1)-(30, 2)
        def local (24, 4)-(24, 9)
        ref local (24, 4)-(24, 9)
        ref local (24, 16)-(24, 21)
        scope scope (24, 26)-(26, 2)
          ref fmt (25, 2)-(25, 5)
          ref Println (25, 6)-(25, 13)
          ref local (25, 14)-(25, 19)
        scope scope (26, 8)-(30, 2)
          ref local (26, 11)-(26, 16)
          scope scope (26, 22)-(28, 2)
            ref fmt (27, 2)-(27, 5)
            ref Println (27, 6)-(27, 13)
            ref local (27, 14)-(27, 19)
          scope scope (28, 8)-(30, 2)
            ref fmt (29, 2)-(29, 5)
            ref Println (29, 6)-(29, 13)
            ref local (29, 14)-(29, 19)
      ref local (31, 8)-(31, 13)

