---
source: crates/scip-syntax/src/locals.rs
expression: dumped
---
  package example
  
  import (
   f "fmt"
// ^ definition local 1
   "github.com/sourcegraph/"
  )
  
  func Something() {
//     ^^^^^^^^^ definition local 2
   y := ", world"
// ^ definition local 3
   f.Println("hello", y)
// ^ reference local 1
//                    ^ reference local 3
  }
  
  func Another() {
//     ^^^^^^^ definition local 4
   Something()
// ^^^^^^^^^ reference local 2
   if true {
    x := true
//  ^ definition local 5
   }
   if true {
    x := true
//  ^ definition local 6
    if true {
     x := true
//   ^ definition local 7
    }
   }
   if true {
    x := true
//  ^ definition local 8
   }
  }

